src/pedido/pedido.service.ts(37,32): error TS2345: Argument of type '{ productoId: number; cantidad: number; precioUnitario: number; subtotal: number; }' is not assignable to parameter of type 'never'.
src/pedido/pedido.service.ts(57,9): error TS2698: Spread types may only be created from object types.
